2025-11-03 23:16:54,561 - app_logger - INFO - Loading TensorFlow model: artifacts/best_model/best.h5
2025-11-03 23:16:57,695 - app_logger - ERROR - Error in file [c:\Users\User\Documents\Project\project_006\src\pipeline\inference_pipeline.py] at line [64]: ValueError - Exception encountered when calling Sequential.call().

[1mInvalid input shape for input Tensor("sequential_1_1/Cast:0", shape=(32,), dtype=float32). Expected shape (32, 200), but input has incompatible shape (32,)[0m

Arguments received by Sequential.call():
  • inputs=('tf.Tensor(shape=(32,), dtype=int32)',)
  • training=False
  • mask=('None',)
2025-11-03 23:16:57,707 - app_logger - ERROR - Full traceback:
Traceback (most recent call last):
  File "c:\Users\User\Documents\Project\project_006\src\pipeline\inference_pipeline.py", line 64, in _predict
    preds = self.model.predict(df["sequence"].to_list())
            ^^^^^^^^^^^^^^^^^^^^^^^^^^^^^^^^^^^^^^^^^^^^
  File "C:\Users\User\anaconda3\Lib\site-packages\keras\src\utils\traceback_utils.py", line 122, in error_handler
    raise e.with_traceback(filtered_tb) from None
  File "C:\Users\User\anaconda3\Lib\site-packages\keras\src\models\functional.py", line 244, in _adjust_input_rank
    raise ValueError(
ValueError: Exception encountered when calling Sequential.call().

[1mInvalid input shape for input Tensor("sequential_1_1/Cast:0", shape=(32,), dtype=float32). Expected shape (32, 200), but input has incompatible shape (32,)[0m

Arguments received by Sequential.call():
  • inputs=('tf.Tensor(shape=(32,), dtype=int32)',)
  • training=False
  • mask=('None',)

2025-11-03 23:16:57,758 - app_logger - ERROR - Error in file [c:\Users\User\Documents\Project\project_006\src\pipeline\inference_pipeline.py] at line [102]: CustomException - Error in file [c:\Users\User\Documents\Project\project_006\src\pipeline\inference_pipeline.py] at line [64]: ValueError - Exception encountered when calling Sequential.call().

[1mInvalid input shape for input Tensor("sequential_1_1/Cast:0", shape=(32,), dtype=float32). Expected shape (32, 200), but input has incompatible shape (32,)[0m

Arguments received by Sequential.call():
  • inputs=('tf.Tensor(shape=(32,), dtype=int32)',)
  • training=False
  • mask=('None',)
2025-11-03 23:16:57,767 - app_logger - ERROR - Full traceback:
Traceback (most recent call last):
  File "c:\Users\User\Documents\Project\project_006\src\pipeline\inference_pipeline.py", line 64, in _predict
    preds = self.model.predict(df["sequence"].to_list())
            ^^^^^^^^^^^^^^^^^^^^^^^^^^^^^^^^^^^^^^^^^^^^
  File "C:\Users\User\anaconda3\Lib\site-packages\keras\src\utils\traceback_utils.py", line 122, in error_handler
    raise e.with_traceback(filtered_tb) from None
  File "C:\Users\User\anaconda3\Lib\site-packages\keras\src\models\functional.py", line 244, in _adjust_input_rank
    raise ValueError(
ValueError: Exception encountered when calling Sequential.call().

[1mInvalid input shape for input Tensor("sequential_1_1/Cast:0", shape=(32,), dtype=float32). Expected shape (32, 200), but input has incompatible shape (32,)[0m

Arguments received by Sequential.call():
  • inputs=('tf.Tensor(shape=(32,), dtype=int32)',)
  • training=False
  • mask=('None',)

During handling of the above exception, another exception occurred:

Traceback (most recent call last):
  File "c:\Users\User\Documents\Project\project_006\src\pipeline\inference_pipeline.py", line 102, in run
    df = self._predict(df)
         ^^^^^^^^^^^^^^^^^
  File "c:\Users\User\Documents\Project\project_006\src\pipeline\inference_pipeline.py", line 73, in _predict
    raise CustomException(e)
src.utils.exception.CustomException: Error in file [c:\Users\User\Documents\Project\project_006\src\pipeline\inference_pipeline.py] at line [64]: ValueError - Exception encountered when calling Sequential.call().

[1mInvalid input shape for input Tensor("sequential_1_1/Cast:0", shape=(32,), dtype=float32). Expected shape (32, 200), but input has incompatible shape (32,)[0m

Arguments received by Sequential.call():
  • inputs=('tf.Tensor(shape=(32,), dtype=int32)',)
  • training=False
  • mask=('None',)

